\BOOKMARK [0][-]{chapter.1}{\376\377\000I\000n\000t\000r\000o\000d\000u\000c\000c\000i\000\363\000n}{}% 1
\BOOKMARK [0][-]{chapter.2}{\376\377\000D\000i\000c\000c\000i\000o\000n\000a\000r\000i\000o\000\040\000d\000e\000\040\000D\000a\000t\000o\000s}{}% 2
\BOOKMARK [1][-]{section.2.1}{\376\377\000I\000n\000t\000r\000o\000d\000u\000c\000c\000i\000\363\000n}{chapter.2}% 3
\BOOKMARK [1][-]{section.2.2}{\376\377\000T\000a\000b\000l\000a\000:\000\040\000U\000s\000e\000r}{chapter.2}% 4
\BOOKMARK [1][-]{section.2.3}{\376\377\000T\000a\000b\000l\000a\000:\000\040\000P\000e\000r\000f\000i\000l\000M\000a\000n\000a\000g\000e\000r}{chapter.2}% 5
\BOOKMARK [1][-]{section.2.4}{\376\377\000T\000a\000b\000l\000a\000:\000\040\000P\000e\000r\000f\000i\000l\000D\000i\000r\000e\000c\000t\000o\000r}{chapter.2}% 6
\BOOKMARK [1][-]{section.2.5}{\376\377\000T\000a\000b\000l\000a\000:\000\040\000P\000e\000r\000f\000i\000l\000A\000p\000r\000e\000n\000d\000i\000z}{chapter.2}% 7
\BOOKMARK [1][-]{section.2.6}{\376\377\000T\000a\000b\000l\000a\000:\000\040\000P\000e\000r\000f\000i\000l\000A\000r\000t\000i\000s\000t\000a}{chapter.2}% 8
\BOOKMARK [1][-]{section.2.7}{\376\377\000T\000a\000b\000l\000a\000:\000\040\000A\000g\000e\000n\000c\000i\000a}{chapter.2}% 9
\BOOKMARK [1][-]{section.2.8}{\376\377\000T\000a\000b\000l\000a\000:\000\040\000A\000p\000r\000e\000n\000d\000i\000z}{chapter.2}% 10
\BOOKMARK [1][-]{section.2.9}{\376\377\000T\000a\000b\000l\000a\000:\000\040\000G\000r\000u\000p\000o}{chapter.2}% 11
\BOOKMARK [1][-]{section.2.10}{\376\377\000T\000a\000b\000l\000a\000:\000\040\000A\000r\000t\000i\000s\000t\000a}{chapter.2}% 12
\BOOKMARK [1][-]{section.2.11}{\376\377\000T\000a\000b\000l\000a\000:\000\040\000C\000o\000n\000c\000e\000p\000t\000o}{chapter.2}% 13
\BOOKMARK [1][-]{section.2.12}{\376\377\000T\000a\000b\000l\000a\000:\000\040\000C\000o\000n\000c\000e\000p\000t\000o\000\040\000V\000i\000s\000u\000a\000l}{chapter.2}% 14
\BOOKMARK [1][-]{section.2.13}{\376\377\000T\000a\000b\000l\000a\000:\000\040\000\301\000l\000b\000u\000m}{chapter.2}% 15
\BOOKMARK [1][-]{section.2.14}{\376\377\000T\000a\000b\000l\000a\000:\000\040\000C\000a\000n\000c\000i\000\363\000n}{chapter.2}% 16
\BOOKMARK [1][-]{section.2.15}{\376\377\000T\000a\000b\000l\000a\000:\000\040\000L\000i\000s\000t\000a\000\040\000d\000e\000\040\000P\000o\000p\000u\000l\000a\000r\000i\000d\000a\000d}{chapter.2}% 17
\BOOKMARK [1][-]{section.2.16}{\376\377\000T\000a\000b\000l\000a\000:\000\040\000A\000c\000t\000i\000v\000i\000d\000a\000d}{chapter.2}% 18
\BOOKMARK [1][-]{section.2.17}{\376\377\000T\000a\000b\000l\000a\000:\000\040\000P\000r\000e\000m\000i\000o}{chapter.2}% 19
\BOOKMARK [1][-]{section.2.18}{\376\377\000T\000a\000b\000l\000a\000:\000\040\000I\000n\000g\000r\000e\000s\000o}{chapter.2}% 20
\BOOKMARK [1][-]{section.2.19}{\376\377\000T\000a\000b\000l\000a\000:\000\040\000S\000o\000l\000i\000c\000i\000t\000u\000d}{chapter.2}% 21
\BOOKMARK [1][-]{section.2.20}{\376\377\000T\000a\000b\000l\000a\000:\000\040\000C\000o\000n\000t\000r\000a\000t\000o}{chapter.2}% 22
\BOOKMARK [1][-]{section.2.21}{\376\377\000T\000a\000b\000l\000a\000:\000\040\000C\000o\000n\000t\000r\000a\000t\000o\000G\000r\000u\000p\000o}{chapter.2}% 23
\BOOKMARK [1][-]{section.2.22}{\376\377\000T\000a\000b\000l\000a\000:\000\040\000A\000r\000t\000i\000s\000t\000a\000E\000n\000G\000r\000u\000p\000o}{chapter.2}% 24
\BOOKMARK [1][-]{section.2.23}{\376\377\000T\000a\000b\000l\000a\000:\000\040\000A\000l\000b\000u\000m\000P\000r\000e\000m\000i\000a\000d\000o}{chapter.2}% 25
\BOOKMARK [1][-]{section.2.24}{\376\377\000T\000a\000b\000l\000a\000:\000\040\000C\000a\000n\000c\000i\000o\000n\000E\000n\000L\000i\000s\000t\000a\000D\000e\000P\000o\000p\000u\000l\000a\000r\000i\000d\000a\000d}{chapter.2}% 26
\BOOKMARK [1][-]{section.2.25}{\376\377\000T\000a\000b\000l\000a\000:\000\040\000A\000p\000r\000e\000n\000d\000i\000z\000E\000n\000A\000g\000e\000n\000c\000i\000a}{chapter.2}% 27
\BOOKMARK [1][-]{section.2.26}{\376\377\000T\000a\000b\000l\000a\000:\000\040\000E\000v\000a\000l\000u\000a\000c\000i\000o\000n\000A\000p\000r\000e\000n\000d\000i\000z}{chapter.2}% 28
\BOOKMARK [1][-]{section.2.27}{\376\377\000T\000a\000b\000l\000a\000:\000\040\000P\000e\000r\000s\000o\000n\000a\000s\000E\000n\000A\000c\000t\000i\000v\000i\000d\000a\000d}{chapter.2}% 29
\BOOKMARK [1][-]{section.2.28}{\376\377\000T\000a\000b\000l\000a\000:\000\040\000A\000r\000t\000i\000s\000t\000a\000L\000a\000n\000z\000a\000A\000l\000b\000u\000m}{chapter.2}% 30
\BOOKMARK [1][-]{section.2.29}{\376\377\000T\000a\000b\000l\000a\000:\000\040\000G\000r\000u\000p\000o\000L\000a\000n\000z\000a\000A\000l\000b\000u\000m}{chapter.2}% 31
\BOOKMARK [1][-]{section.2.30}{\376\377\000T\000a\000b\000l\000a\000:\000\040\000A\000p\000r\000e\000n\000d\000i\000z\000S\000o\000l\000i\000c\000i\000t\000a\000G\000r\000u\000p\000o}{chapter.2}% 32
\BOOKMARK [1][-]{section.2.31}{\376\377\000T\000a\000b\000l\000a\000:\000\040\000A\000r\000t\000i\000s\000t\000a\000S\000o\000l\000i\000c\000i\000t\000a\000G\000r\000u\000p\000o}{chapter.2}% 33
\BOOKMARK [0][-]{chapter.3}{\376\377\000D\000i\000s\000e\000\361\000o\000\040\000d\000e\000\040\000l\000a\000\040\000a\000p\000l\000i\000c\000a\000c\000i\000\363\000n}{}% 34
\BOOKMARK [1][-]{section.3.1}{\376\377\000A\000r\000q\000u\000i\000t\000e\000c\000t\000u\000r\000a\000\040\000g\000e\000n\000e\000r\000a\000l}{chapter.3}% 35
\BOOKMARK [2][-]{subsection.3.1.1}{\376\377\000C\000a\000p\000a\000\040\000d\000e\000\040\000D\000o\000m\000i\000n\000i\000o}{section.3.1}% 36
\BOOKMARK [2][-]{subsection.3.1.2}{\376\377\000C\000a\000p\000a\000\040\000d\000e\000\040\000A\000p\000l\000i\000c\000a\000c\000i\000\363\000n}{section.3.1}% 37
\BOOKMARK [2][-]{subsection.3.1.3}{\376\377\000C\000a\000p\000a\000\040\000d\000e\000\040\000I\000n\000f\000r\000a\000e\000s\000t\000r\000u\000c\000t\000u\000r\000a}{section.3.1}% 38
\BOOKMARK [2][-]{subsection.3.1.4}{\376\377\000C\000a\000p\000a\000\040\000d\000e\000\040\000P\000r\000e\000s\000e\000n\000t\000a\000c\000i\000\363\000n}{section.3.1}% 39
\BOOKMARK [1][-]{section.3.2}{\376\377\000F\000l\000u\000j\000o\000\040\000d\000e\000\040\000D\000a\000t\000o\000s}{chapter.3}% 40
\BOOKMARK [0][-]{chapter.4}{\376\377\000E\000s\000q\000u\000e\000m\000a\000\040\000d\000e\000\040\000c\000l\000a\000s\000e\000s}{}% 41
\BOOKMARK [1][-]{section.4.1}{\376\377\000C\000l\000a\000s\000e\000s\000\040\000p\000r\000i\000n\000c\000i\000p\000a\000l\000e\000s\000\040\000d\000e\000l\000\040\000d\000o\000m\000i\000n\000i\000o}{chapter.4}% 42
\BOOKMARK [2][-]{subsection.4.1.1}{\376\377\000C\000l\000a\000s\000e\000\040\000U\000s\000e\000r\000\040\000\050\000U\000s\000u\000a\000r\000i\000o\000\051}{section.4.1}% 43
\BOOKMARK [2][-]{subsection.4.1.2}{\376\377\000C\000l\000a\000s\000e\000\040\000A\000g\000e\000n\000c\000y\000\040\000\050\000A\000g\000e\000n\000c\000i\000a\000\051}{section.4.1}% 44
\BOOKMARK [2][-]{subsection.4.1.3}{\376\377\000C\000l\000a\000s\000e\000\040\000A\000p\000p\000r\000e\000n\000t\000i\000c\000e\000\040\000\050\000A\000p\000r\000e\000n\000d\000i\000z\000\051}{section.4.1}% 45
\BOOKMARK [2][-]{subsection.4.1.4}{\376\377\000C\000l\000a\000s\000e\000\040\000A\000r\000t\000i\000s\000t\000\040\000\050\000A\000r\000t\000i\000s\000t\000a\000\051}{section.4.1}% 46
\BOOKMARK [2][-]{subsection.4.1.5}{\376\377\000C\000l\000a\000s\000e\000\040\000G\000r\000o\000u\000p\000\040\000\050\000G\000r\000u\000p\000o\000\051}{section.4.1}% 47
\BOOKMARK [2][-]{subsection.4.1.6}{\376\377\000C\000l\000a\000s\000e\000\040\000C\000o\000n\000t\000r\000a\000c\000t\000\040\000\050\000C\000o\000n\000t\000r\000a\000t\000o\000\051}{section.4.1}% 48
\BOOKMARK [2][-]{subsection.4.1.7}{\376\377\000C\000l\000a\000s\000e\000\040\000A\000c\000t\000i\000v\000i\000t\000y\000\040\000\050\000A\000c\000t\000i\000v\000i\000d\000a\000d\000\051}{section.4.1}% 49
\BOOKMARK [2][-]{subsection.4.1.8}{\376\377\000C\000l\000a\000s\000e\000\040\000A\000l\000b\000u\000m}{section.4.1}% 50
\BOOKMARK [2][-]{subsection.4.1.9}{\376\377\000C\000l\000a\000s\000e\000\040\000I\000n\000c\000o\000m\000e\000\040\000\050\000I\000n\000g\000r\000e\000s\000o\000\051}{section.4.1}% 51
\BOOKMARK [2][-]{subsection.4.1.10}{\376\377\000C\000l\000a\000s\000e\000\040\000S\000o\000n\000g\000\040\000\050\000C\000a\000n\000c\000i\000\363\000n\000\051}{section.4.1}% 52
\BOOKMARK [2][-]{subsection.4.1.11}{\376\377\000C\000l\000a\000s\000e\000\040\000C\000o\000n\000c\000e\000p\000t\000\040\000\050\000C\000o\000n\000c\000e\000p\000t\000o\000\040\000c\000r\000e\000a\000t\000i\000v\000o\000\051}{section.4.1}% 53
\BOOKMARK [2][-]{subsection.4.1.12}{\376\377\000C\000l\000a\000s\000e\000\040\000V\000i\000s\000u\000a\000l\000C\000o\000n\000c\000e\000p\000t\000\040\000\050\000C\000o\000n\000c\000e\000p\000t\000o\000\040\000V\000i\000s\000u\000a\000l\000\051}{section.4.1}% 54
\BOOKMARK [2][-]{subsection.4.1.13}{\376\377\000C\000l\000a\000s\000e\000\040\000A\000w\000a\000r\000d\000\040\000\050\000P\000r\000e\000m\000i\000o\000\051}{section.4.1}% 55
\BOOKMARK [1][-]{section.4.2}{\376\377\000J\000e\000r\000a\000r\000q\000u\000\355\000a\000\040\000d\000e\000\040\000c\000l\000a\000s\000e\000s\000\040\000d\000e\000\040\000U\000s\000u\000a\000r\000i\000o}{chapter.4}% 56
\BOOKMARK [1][-]{section.4.3}{\376\377\000E\000n\000u\000m\000e\000r\000a\000c\000i\000o\000n\000e\000s\000\040\000\050\000E\000n\000u\000m\000s\000\051}{chapter.4}% 57
\BOOKMARK [0][-]{chapter.5}{\376\377\000E\000s\000q\000u\000e\000m\000a\000\040\000M\000E\000R\000X}{}% 58
\BOOKMARK [1][-]{section.5.1}{\376\377\000D\000i\000a\000g\000r\000a\000m\000a\000\040\000E\000n\000t\000i\000d\000a\000d\000-\000R\000e\000l\000a\000c\000i\000\363\000n\000\040\000\050\000M\000E\000R\000X\000\051}{chapter.5}% 59
\BOOKMARK [0][-]{chapter.6}{\376\377\000S\000o\000l\000u\000c\000i\000\363\000n\000\040\000P\000r\000o\000p\000u\000e\000s\000t\000a}{}% 60
\BOOKMARK [1][-]{section.6.1}{\376\377\000O\000r\000g\000a\000n\000i\000z\000a\000c\000i\000\363\000n\000\040\000F\000u\000n\000c\000i\000o\000n\000a\000l\000\040\000d\000e\000l\000\040\000S\000i\000s\000t\000e\000m\000a}{chapter.6}% 61
\BOOKMARK [1][-]{section.6.2}{\376\377\000J\000u\000s\000t\000i\000f\000i\000c\000a\000c\000i\000\363\000n\000\040\000d\000e\000\040\000l\000a\000\040\000S\000o\000l\000u\000c\000i\000\363\000n\000\040\000A\000d\000o\000p\000t\000a\000d\000a}{chapter.6}% 62
\BOOKMARK [0][-]{chapter.7}{\376\377\000M\000a\000n\000t\000e\000n\000i\000m\000i\000e\000n\000t\000o\000\040\000y\000\040\000E\000v\000o\000l\000u\000c\000i\000\363\000n\000\040\000d\000e\000l\000\040\000S\000i\000s\000t\000e\000m\000a}{}% 63
\BOOKMARK [1][-]{section.7.1}{\376\377\000M\000a\000n\000t\000e\000n\000i\000b\000i\000l\000i\000d\000a\000d}{chapter.7}% 64
\BOOKMARK [1][-]{section.7.2}{\376\377\000E\000s\000c\000a\000l\000a\000b\000i\000l\000i\000d\000a\000d}{chapter.7}% 65
\BOOKMARK [1][-]{section.7.3}{\376\377\000E\000x\000t\000e\000n\000s\000i\000\363\000n\000\040\000d\000e\000l\000\040\000s\000i\000s\000t\000e\000m\000a}{chapter.7}% 66
\BOOKMARK [1][-]{section.7.4}{\376\377\000B\000u\000e\000n\000a\000s\000\040\000P\000r\000\341\000c\000t\000i\000c\000a\000s\000\040\000d\000e\000\040\000D\000e\000s\000a\000r\000r\000o\000l\000l\000o}{chapter.7}% 67
\BOOKMARK [0][-]{chapter.8}{\376\377\000C\000o\000n\000c\000l\000u\000s\000i\000o\000n\000e\000s}{}% 68
