\BOOKMARK [0][-]{chapter.1}{\376\377\000I\000n\000t\000r\000o\000d\000u\000c\000c\000i\000\363\000n}{}% 1
\BOOKMARK [1][-]{section.1.1}{\376\377\000\277\000Q\000u\000\351\000\040\000p\000u\000e\000d\000e\000s\000\040\000h\000a\000c\000e\000r\000\040\000c\000o\000n\000\040\000e\000s\000t\000e\000\040\000s\000i\000s\000t\000e\000m\000a\000?}{chapter.1}% 2
\BOOKMARK [1][-]{section.1.2}{\376\377\000R\000e\000q\000u\000i\000s\000i\000t\000o\000s\000\040\000P\000r\000e\000v\000i\000o\000s}{chapter.1}% 3
\BOOKMARK [1][-]{section.1.3}{\376\377\000R\000e\000q\000u\000e\000r\000i\000m\000i\000e\000n\000t\000o\000s\000\040\000T\000\351\000c\000n\000i\000c\000o\000s}{chapter.1}% 4
\BOOKMARK [2][-]{subsection.1.3.1}{\376\377\000R\000e\000q\000u\000e\000r\000i\000m\000i\000e\000n\000t\000o\000s\000\040\000d\000e\000\040\000M\000\341\000q\000u\000i\000n\000a\000\040\000\050\000C\000l\000i\000e\000n\000t\000e\000\051}{section.1.3}% 5
\BOOKMARK [2][-]{subsection.1.3.2}{\376\377\000R\000e\000q\000u\000e\000r\000i\000m\000i\000e\000n\000t\000o\000s\000\040\000d\000e\000\040\000R\000e\000d}{section.1.3}% 6
\BOOKMARK [1][-]{section.1.4}{\376\377\000R\000e\000q\000u\000e\000r\000i\000m\000i\000e\000n\000t\000o\000s\000\040\000d\000e\000\040\000S\000o\000f\000t\000w\000a\000r\000e}{chapter.1}% 7
\BOOKMARK [2][-]{subsection.1.4.1}{\376\377\000S\000o\000f\000t\000w\000a\000r\000e\000\040\000R\000e\000q\000u\000e\000r\000i\000d\000o\000\040\000e\000n\000\040\000S\000e\000r\000v\000i\000d\000o\000r}{section.1.4}% 8
\BOOKMARK [2][-]{subsection.1.4.2}{\376\377\000S\000o\000f\000t\000w\000a\000r\000e\000\040\000R\000e\000q\000u\000e\000r\000i\000d\000o\000\040\000e\000n\000\040\000C\000l\000i\000e\000n\000t\000e}{section.1.4}% 9
\BOOKMARK [1][-]{section.1.5}{\376\377\000P\000r\000o\000c\000e\000d\000i\000m\000i\000e\000n\000t\000o\000\040\000d\000e\000\040\000I\000n\000s\000t\000a\000l\000a\000c\000i\000\363\000n}{chapter.1}% 10
\BOOKMARK [2][-]{subsection.1.5.1}{\376\377\000I\000n\000s\000t\000a\000l\000a\000c\000i\000\363\000n\000\040\000e\000n\000\040\000S\000e\000r\000v\000i\000d\000o\000r}{section.1.5}% 11
\BOOKMARK [2][-]{subsection.1.5.2}{\376\377\000I\000n\000s\000t\000a\000l\000a\000c\000i\000\363\000n\000\040\000e\000n\000\040\000C\000l\000i\000e\000n\000t\000e\000\040\000\050\000L\000o\000c\000a\000l\000\040\000D\000e\000v\000e\000l\000o\000p\000m\000e\000n\000t\000\051}{section.1.5}% 12
\BOOKMARK [2][-]{subsection.1.5.3}{\376\377\000V\000e\000r\000i\000f\000i\000c\000a\000c\000i\000\363\000n\000\040\000d\000e\000\040\000I\000n\000s\000t\000a\000l\000a\000c\000i\000\363\000n}{section.1.5}% 13
\BOOKMARK [0][-]{chapter.2}{\376\377\000C\000o\000n\000c\000e\000p\000t\000o\000s\000\040\000B\000\341\000s\000i\000c\000o\000s}{}% 14
\BOOKMARK [1][-]{section.2.1}{\376\377\000I\000n\000t\000r\000o\000d\000u\000c\000c\000i\000\363\000n}{chapter.2}% 15
\BOOKMARK [1][-]{section.2.2}{\376\377\000E\000n\000t\000i\000d\000a\000d\000e\000s\000\040\000P\000r\000i\000n\000c\000i\000p\000a\000l\000e\000s}{chapter.2}% 16
\BOOKMARK [2][-]{subsection.2.2.1}{\376\377\000A\000g\000e\000n\000c\000i\000a}{section.2.2}% 17
\BOOKMARK [2][-]{subsection.2.2.2}{\376\377\000G\000r\000u\000p\000o}{section.2.2}% 18
\BOOKMARK [2][-]{subsection.2.2.3}{\376\377\000A\000r\000t\000i\000s\000t\000a}{section.2.2}% 19
\BOOKMARK [2][-]{subsection.2.2.4}{\376\377\000A\000p\000r\000e\000n\000d\000i\000z}{section.2.2}% 20
\BOOKMARK [2][-]{subsection.2.2.5}{\376\377\000\301\000l\000b\000u\000m}{section.2.2}% 21
\BOOKMARK [2][-]{subsection.2.2.6}{\376\377\000C\000a\000n\000c\000i\000\363\000n}{section.2.2}% 22
\BOOKMARK [2][-]{subsection.2.2.7}{\376\377\000A\000c\000t\000i\000v\000i\000d\000a\000d}{section.2.2}% 23
\BOOKMARK [2][-]{subsection.2.2.8}{\376\377\000C\000o\000n\000t\000r\000a\000t\000o}{section.2.2}% 24
\BOOKMARK [2][-]{subsection.2.2.9}{\376\377\000P\000r\000e\000m\000i\000o}{section.2.2}% 25
\BOOKMARK [2][-]{subsection.2.2.10}{\376\377\000I\000n\000g\000r\000e\000s\000o}{section.2.2}% 26
\BOOKMARK [1][-]{section.2.3}{\376\377\000S\000i\000s\000t\000e\000m\000a\000\040\000d\000e\000\040\000E\000v\000a\000l\000u\000a\000c\000i\000\363\000n\000\040\000d\000e\000\040\000A\000p\000r\000e\000n\000d\000i\000c\000e\000s}{chapter.2}% 27
\BOOKMARK [2][-]{subsection.2.3.1}{\376\377\000P\000u\000n\000t\000a\000j\000e\000\040\000d\000e\000\040\000E\000v\000a\000l\000u\000a\000c\000i\000\363\000n}{section.2.3}% 28
\BOOKMARK [2][-]{subsection.2.3.2}{\376\377\000C\000\341\000l\000c\000u\000l\000o\000\040\000A\000u\000t\000o\000m\000\341\000t\000i\000c\000o\000\040\000d\000e\000l\000\040\000P\000r\000o\000m\000e\000d\000i\000o}{section.2.3}% 29
\BOOKMARK [2][-]{subsection.2.3.3}{\376\377\000T\000r\000a\000n\000s\000i\000c\000i\000o\000n\000e\000s\000\040\000d\000e\000\040\000E\000s\000t\000a\000d\000o\000\040\000A\000u\000t\000o\000m\000\341\000t\000i\000c\000a\000s}{section.2.3}% 30
\BOOKMARK [2][-]{subsection.2.3.4}{\376\377\000P\000r\000o\000c\000e\000d\000i\000m\000i\000e\000n\000t\000o\000:\000\040\000E\000v\000a\000l\000u\000a\000r\000\040\000u\000n\000\040\000A\000p\000r\000e\000n\000d\000i\000z}{section.2.3}% 31
\BOOKMARK [2][-]{subsection.2.3.5}{\376\377\000V\000i\000s\000u\000a\000l\000i\000z\000a\000c\000i\000\363\000n\000\040\000d\000e\000l\000\040\000H\000i\000s\000t\000o\000r\000i\000a\000l}{section.2.3}% 32
\BOOKMARK [2][-]{subsection.2.3.6}{\376\377\000G\000r\000u\000p\000o}{section.2.3}% 33
\BOOKMARK [2][-]{subsection.2.3.7}{\376\377\000A\000p\000r\000e\000n\000d\000i\000z}{section.2.3}% 34
\BOOKMARK [2][-]{subsection.2.3.8}{\376\377\000A\000r\000t\000i\000s\000t\000a}{section.2.3}% 35
\BOOKMARK [2][-]{subsection.2.3.9}{\376\377\000\301\000l\000b\000u\000m}{section.2.3}% 36
\BOOKMARK [2][-]{subsection.2.3.10}{\376\377\000C\000a\000n\000c\000i\000\363\000n}{section.2.3}% 37
\BOOKMARK [2][-]{subsection.2.3.11}{\376\377\000A\000c\000t\000i\000v\000i\000d\000a\000d}{section.2.3}% 38
\BOOKMARK [2][-]{subsection.2.3.12}{\376\377\000C\000o\000n\000t\000r\000a\000t\000o}{section.2.3}% 39
\BOOKMARK [0][-]{chapter.3}{\376\377\000A\000u\000t\000e\000n\000t\000i\000c\000a\000c\000i\000\363\000n}{}% 40
\BOOKMARK [1][-]{section.3.1}{\376\377\000L\000o\000g\000i\000n\000\040\000a\000l\000\040\000S\000i\000s\000t\000e\000m\000a}{chapter.3}% 41
\BOOKMARK [2][-]{subsection.3.1.1}{\376\377\000P\000a\000s\000o\000\040\0001\000:\000\040\000A\000c\000c\000e\000d\000e\000r\000\040\000a\000\040\000l\000a\000\040\000P\000\341\000g\000i\000n\000a\000\040\000d\000e\000\040\000L\000o\000g\000i\000n}{section.3.1}% 42
\BOOKMARK [2][-]{subsection.3.1.2}{\376\377\000P\000a\000s\000o\000\040\0002\000:\000\040\000I\000n\000g\000r\000e\000s\000a\000r\000\040\000C\000r\000e\000d\000e\000n\000c\000i\000a\000l\000e\000s}{section.3.1}% 43
\BOOKMARK [2][-]{subsection.3.1.3}{\376\377\000P\000a\000s\000o\000\040\0003\000:\000\040\000V\000a\000l\000i\000d\000a\000c\000i\000\363\000n}{section.3.1}% 44
\BOOKMARK [1][-]{section.3.2}{\376\377\000E\000r\000r\000o\000r\000e\000s\000\040\000C\000o\000m\000u\000n\000e\000s\000\040\000d\000e\000\040\000L\000o\000g\000i\000n}{chapter.3}% 45
\BOOKMARK [1][-]{section.3.3}{\376\377\000G\000e\000s\000t\000i\000\363\000n\000\040\000d\000e\000\040\000C\000o\000n\000t\000r\000a\000s\000e\000\361\000a}{chapter.3}% 46
\BOOKMARK [2][-]{subsection.3.3.1}{\376\377\000C\000a\000m\000b\000i\000a\000r\000\040\000C\000o\000n\000t\000r\000a\000s\000e\000\361\000a}{section.3.3}% 47
\BOOKMARK [2][-]{subsection.3.3.2}{\376\377\000R\000e\000c\000u\000p\000e\000r\000a\000r\000\040\000C\000o\000n\000t\000r\000a\000s\000e\000\361\000a}{section.3.3}% 48
\BOOKMARK [1][-]{section.3.4}{\376\377\000C\000e\000r\000r\000a\000r\000\040\000S\000e\000s\000i\000\363\000n}{chapter.3}% 49
\BOOKMARK [0][-]{chapter.4}{\376\377\000M\000\363\000d\000u\000l\000o\000:\000\040\000G\000e\000s\000t\000i\000\363\000n\000\040\000d\000e\000\040\000A\000g\000e\000n\000c\000i\000a\000s}{}% 50
\BOOKMARK [1][-]{section.4.1}{\376\377\000D\000e\000s\000c\000r\000i\000p\000c\000i\000\363\000n}{chapter.4}% 51
\BOOKMARK [1][-]{section.4.2}{\376\377\000P\000r\000o\000p\000\363\000s\000i\000t\000o}{chapter.4}% 52
\BOOKMARK [1][-]{section.4.3}{\376\377\000R\000o\000l\000e\000s\000\040\000P\000e\000r\000m\000i\000t\000i\000d\000o\000s}{chapter.4}% 53
\BOOKMARK [1][-]{section.4.4}{\376\377\000P\000r\000o\000c\000e\000d\000i\000m\000i\000e\000n\000t\000o\000\040\0001\000:\000\040\000V\000e\000r\000\040\000L\000i\000s\000t\000a\000\040\000d\000e\000\040\000A\000g\000e\000n\000c\000i\000a\000s}{chapter.4}% 54
\BOOKMARK [2][-]{subsection.4.4.1}{\376\377\000O\000b\000j\000e\000t\000i\000v\000o}{section.4.4}% 55
\BOOKMARK [2][-]{subsection.4.4.2}{\376\377\000P\000a\000s\000o\000s}{section.4.4}% 56
\BOOKMARK [1][-]{section.4.5}{\376\377\000P\000r\000o\000c\000e\000d\000i\000m\000i\000e\000n\000t\000o\000\040\0002\000:\000\040\000C\000r\000e\000a\000r\000\040\000N\000u\000e\000v\000a\000\040\000A\000g\000e\000n\000c\000i\000a}{chapter.4}% 57
\BOOKMARK [2][-]{subsection.4.5.1}{\376\377\000O\000b\000j\000e\000t\000i\000v\000o}{section.4.5}% 58
\BOOKMARK [2][-]{subsection.4.5.2}{\376\377\000P\000r\000e\000r\000e\000q\000u\000i\000s\000i\000t\000o\000s}{section.4.5}% 59
\BOOKMARK [2][-]{subsection.4.5.3}{\376\377\000P\000a\000s\000o\000s}{section.4.5}% 60
\BOOKMARK [2][-]{subsection.4.5.4}{\376\377\000E\000j\000e\000m\000p\000l\000o\000\040\000d\000e\000\040\000D\000a\000t\000o\000s}{section.4.5}% 61
\BOOKMARK [2][-]{subsection.4.5.5}{\376\377\000V\000a\000l\000i\000d\000a\000c\000i\000o\000n\000e\000s}{section.4.5}% 62
\BOOKMARK [0][-]{chapter.5}{\376\377\000M\000\363\000d\000u\000l\000o\000:\000\040\000G\000e\000s\000t\000i\000\363\000n\000\040\000d\000e\000\040\000A\000p\000r\000e\000n\000d\000i\000c\000e\000s}{}% 63
\BOOKMARK [1][-]{section.5.1}{\376\377\000D\000e\000s\000c\000r\000i\000p\000c\000i\000\363\000n}{chapter.5}% 64
\BOOKMARK [1][-]{section.5.2}{\376\377\000P\000r\000o\000p\000\363\000s\000i\000t\000o}{chapter.5}% 65
\BOOKMARK [1][-]{section.5.3}{\376\377\000R\000o\000l\000e\000s\000\040\000P\000e\000r\000m\000i\000t\000i\000d\000o\000s}{chapter.5}% 66
\BOOKMARK [1][-]{section.5.4}{\376\377\000P\000r\000o\000c\000e\000d\000i\000m\000i\000e\000n\000t\000o\000\040\0001\000:\000\040\000R\000e\000g\000i\000s\000t\000r\000a\000r\000\040\000N\000u\000e\000v\000o\000\040\000A\000p\000r\000e\000n\000d\000i\000z}{chapter.5}% 67
\BOOKMARK [2][-]{subsection.5.4.1}{\376\377\000O\000b\000j\000e\000t\000i\000v\000o}{section.5.4}% 68
\BOOKMARK [2][-]{subsection.5.4.2}{\376\377\000P\000a\000s\000o\000s}{section.5.4}% 69
\BOOKMARK [2][-]{subsection.5.4.3}{\376\377\000V\000a\000l\000i\000d\000a\000c\000i\000o\000n\000e\000s}{section.5.4}% 70
\BOOKMARK [2][-]{subsection.5.4.4}{\376\377\000E\000j\000e\000m\000p\000l\000o}{section.5.4}% 71
\BOOKMARK [1][-]{section.5.5}{\376\377\000P\000r\000o\000c\000e\000d\000i\000m\000i\000e\000n\000t\000o\000\040\0002\000:\000\040\000E\000v\000a\000l\000u\000a\000r\000\040\000A\000p\000r\000e\000n\000d\000i\000z}{chapter.5}% 72
\BOOKMARK [2][-]{subsection.5.5.1}{\376\377\000O\000b\000j\000e\000t\000i\000v\000o}{section.5.5}% 73
\BOOKMARK [2][-]{subsection.5.5.2}{\376\377\000P\000r\000e\000r\000e\000q\000u\000i\000s\000i\000t\000o\000s}{section.5.5}% 74
\BOOKMARK [2][-]{subsection.5.5.3}{\376\377\000P\000a\000s\000o\000s}{section.5.5}% 75
\BOOKMARK [2][-]{subsection.5.5.4}{\376\377\000S\000i\000s\000t\000e\000m\000a\000\040\000A\000u\000t\000o\000m\000\341\000t\000i\000c\000o\000\040\000d\000e\000\040\000P\000r\000o\000g\000r\000e\000s\000o}{section.5.5}% 76
\BOOKMARK [0][-]{chapter.6}{\376\377\000C\000o\000n\000v\000e\000r\000s\000i\000\363\000n\000\040\000d\000e\000\040\000A\000p\000r\000e\000n\000d\000i\000z\000\040\000a\000\040\000A\000r\000t\000i\000s\000t\000a}{}% 77
\BOOKMARK [1][-]{section.6.1}{\376\377\000I\000n\000t\000r\000o\000d\000u\000c\000c\000i\000\363\000n}{chapter.6}% 78
\BOOKMARK [1][-]{section.6.2}{\376\377\000R\000e\000q\000u\000i\000s\000i\000t\000o\000s\000\040\000P\000r\000e\000v\000i\000o\000s}{chapter.6}% 79
\BOOKMARK [1][-]{section.6.3}{\376\377\000P\000r\000o\000c\000e\000s\000o\000\040\000d\000e\000\040\000C\000o\000n\000v\000e\000r\000s\000i\000\363\000n}{chapter.6}% 80
\BOOKMARK [2][-]{subsection.6.3.1}{\376\377\000P\000a\000s\000o\000\040\0001\000:\000\040\000A\000c\000c\000e\000d\000e\000r\000\040\000a\000\040\000l\000a\000\040\000L\000i\000s\000t\000a\000\040\000d\000e\000\040\000A\000p\000r\000e\000n\000d\000i\000c\000e\000s}{section.6.3}% 81
\BOOKMARK [2][-]{subsection.6.3.2}{\376\377\000P\000a\000s\000o\000\040\0002\000:\000\040\000S\000e\000l\000e\000c\000c\000i\000o\000n\000a\000r\000\040\000A\000p\000r\000e\000n\000d\000i\000z\000\040\000G\000r\000a\000d\000u\000a\000d\000o}{section.6.3}% 82
\BOOKMARK [2][-]{subsection.6.3.3}{\376\377\000P\000a\000s\000o\000\040\0003\000:\000\040\000C\000o\000n\000v\000e\000r\000t\000i\000r\000\040\000a\000\040\000A\000r\000t\000i\000s\000t\000a}{section.6.3}% 83
\BOOKMARK [2][-]{subsection.6.3.4}{\376\377\000P\000a\000s\000o\000\040\0004\000:\000\040\000C\000o\000n\000f\000i\000r\000m\000a\000r\000\040\000C\000o\000n\000v\000e\000r\000s\000i\000\363\000n}{section.6.3}% 84
\BOOKMARK [1][-]{section.6.4}{\376\377\000I\000n\000f\000o\000r\000m\000a\000c\000i\000\363\000n\000\040\000C\000r\000e\000a\000d\000a\000\040\000A\000u\000t\000o\000m\000\341\000t\000i\000c\000a\000m\000e\000n\000t\000e}{chapter.6}% 85
\BOOKMARK [1][-]{section.6.5}{\376\377\000C\000a\000m\000b\000i\000o\000\040\000d\000e\000\040\000E\000s\000t\000a\000d\000o\000\040\000d\000e\000s\000p\000u\000\351\000s\000\040\000d\000e\000\040\000C\000o\000n\000v\000e\000r\000s\000i\000\363\000n}{chapter.6}% 86
\BOOKMARK [0][-]{chapter.7}{\376\377\000M\000\363\000d\000u\000l\000o\000:\000\040\000G\000e\000s\000t\000i\000\363\000n\000\040\000d\000e\000\040\000G\000r\000u\000p\000o\000s}{}% 87
\BOOKMARK [1][-]{section.7.1}{\376\377\000D\000e\000s\000c\000r\000i\000p\000c\000i\000\363\000n}{chapter.7}% 88
\BOOKMARK [1][-]{section.7.2}{\376\377\000P\000r\000o\000p\000\363\000s\000i\000t\000o}{chapter.7}% 89
\BOOKMARK [1][-]{section.7.3}{\376\377\000R\000o\000l\000e\000s\000\040\000P\000e\000r\000m\000i\000t\000i\000d\000o\000s}{chapter.7}% 90
\BOOKMARK [1][-]{section.7.4}{\376\377\000P\000r\000o\000c\000e\000d\000i\000m\000i\000e\000n\000t\000o\000\040\0001\000:\000\040\000C\000r\000e\000a\000r\000\040\000N\000u\000e\000v\000o\000\040\000G\000r\000u\000p\000o}{chapter.7}% 91
\BOOKMARK [2][-]{subsection.7.4.1}{\376\377\000O\000b\000j\000e\000t\000i\000v\000o}{section.7.4}% 92
\BOOKMARK [2][-]{subsection.7.4.2}{\376\377\000P\000a\000s\000o\000s}{section.7.4}% 93
\BOOKMARK [2][-]{subsection.7.4.3}{\376\377\000E\000j\000e\000m\000p\000l\000o}{section.7.4}% 94
\BOOKMARK [1][-]{section.7.5}{\376\377\000P\000r\000o\000c\000e\000d\000i\000m\000i\000e\000n\000t\000o\000\040\0002\000:\000\040\000A\000g\000r\000e\000g\000a\000r\000\040\000M\000i\000e\000m\000b\000r\000o\000s\000\040\000a\000\040\000G\000r\000u\000p\000o}{chapter.7}% 95
\BOOKMARK [2][-]{subsection.7.5.1}{\376\377\000O\000b\000j\000e\000t\000i\000v\000o}{section.7.5}% 96
\BOOKMARK [2][-]{subsection.7.5.2}{\376\377\000P\000a\000s\000o\000s}{section.7.5}% 97
\BOOKMARK [0][-]{chapter.8}{\376\377\000M\000\363\000d\000u\000l\000o\000s\000\040\000A\000d\000i\000c\000i\000o\000n\000a\000l\000e\000s}{}% 98
\BOOKMARK [1][-]{section.8.1}{\376\377\000M\000\363\000d\000u\000l\000o\000:\000\040\000G\000e\000s\000t\000i\000\363\000n\000\040\000d\000e\000\040\000\301\000l\000b\000u\000m\000e\000s}{chapter.8}% 99
\BOOKMARK [2][-]{subsection.8.1.1}{\376\377\000D\000e\000s\000c\000r\000i\000p\000c\000i\000\363\000n}{section.8.1}% 100
\BOOKMARK [2][-]{subsection.8.1.2}{\376\377\000P\000r\000o\000c\000e\000d\000i\000m\000i\000e\000n\000t\000o\000:\000\040\000C\000r\000e\000a\000r\000\040\000N\000u\000e\000v\000o\000\040\000\301\000l\000b\000u\000m}{section.8.1}% 101
\BOOKMARK [1][-]{section.8.2}{\376\377\000M\000\363\000d\000u\000l\000o\000:\000\040\000G\000e\000s\000t\000i\000\363\000n\000\040\000d\000e\000\040\000C\000a\000n\000c\000i\000o\000n\000e\000s}{chapter.8}% 102
\BOOKMARK [2][-]{subsection.8.2.1}{\376\377\000D\000e\000s\000c\000r\000i\000p\000c\000i\000\363\000n}{section.8.2}% 103
\BOOKMARK [2][-]{subsection.8.2.2}{\376\377\000P\000r\000o\000c\000e\000d\000i\000m\000i\000e\000n\000t\000o\000:\000\040\000C\000r\000e\000a\000r\000\040\000N\000u\000e\000v\000a\000\040\000C\000a\000n\000c\000i\000\363\000n}{section.8.2}% 104
\BOOKMARK [1][-]{section.8.3}{\376\377\000M\000\363\000d\000u\000l\000o\000:\000\040\000G\000e\000s\000t\000i\000\363\000n\000\040\000d\000e\000\040\000A\000c\000t\000i\000v\000i\000d\000a\000d\000e\000s}{chapter.8}% 105
\BOOKMARK [2][-]{subsection.8.3.1}{\376\377\000D\000e\000s\000c\000r\000i\000p\000c\000i\000\363\000n}{section.8.3}% 106
\BOOKMARK [2][-]{subsection.8.3.2}{\376\377\000P\000r\000o\000c\000e\000d\000i\000m\000i\000e\000n\000t\000o\000:\000\040\000C\000r\000e\000a\000r\000\040\000N\000u\000e\000v\000a\000\040\000A\000c\000t\000i\000v\000i\000d\000a\000d}{section.8.3}% 107
\BOOKMARK [1][-]{section.8.4}{\376\377\000M\000\363\000d\000u\000l\000o\000:\000\040\000G\000e\000s\000t\000i\000\363\000n\000\040\000d\000e\000\040\000C\000o\000n\000t\000r\000a\000t\000o\000s}{chapter.8}% 108
\BOOKMARK [2][-]{subsection.8.4.1}{\376\377\000D\000e\000s\000c\000r\000i\000p\000c\000i\000\363\000n}{section.8.4}% 109
\BOOKMARK [2][-]{subsection.8.4.2}{\376\377\000P\000r\000o\000c\000e\000d\000i\000m\000i\000e\000n\000t\000o\000:\000\040\000C\000r\000e\000a\000r\000\040\000N\000u\000e\000v\000o\000\040\000C\000o\000n\000t\000r\000a\000t\000o}{section.8.4}% 110
\BOOKMARK [0][-]{chapter.9}{\376\377\000B\000\372\000s\000q\000u\000e\000d\000a\000s\000,\000\040\000F\000i\000l\000t\000r\000o\000s\000\040\000y\000\040\000R\000e\000p\000o\000r\000t\000e\000s}{}% 111
\BOOKMARK [1][-]{section.9.1}{\376\377\000B\000\372\000s\000q\000u\000e\000d\000a\000\040\000G\000e\000n\000e\000r\000a\000l}{chapter.9}% 112
\BOOKMARK [1][-]{section.9.2}{\376\377\000F\000i\000l\000t\000r\000o\000s\000\040\000A\000v\000a\000n\000z\000a\000d\000o\000s}{chapter.9}% 113
\BOOKMARK [1][-]{section.9.3}{\376\377\000G\000e\000n\000e\000r\000a\000r\000\040\000R\000e\000p\000o\000r\000t\000e}{chapter.9}% 114
\BOOKMARK [0][-]{chapter.10}{\376\377\000P\000r\000e\000g\000u\000n\000t\000a\000s\000\040\000F\000r\000e\000c\000u\000e\000n\000t\000e\000s}{}% 115
\BOOKMARK [1][-]{section.10.1}{\376\377\000F\000A\000Q\000s}{chapter.10}% 116
\BOOKMARK [0][-]{chapter.11}{\376\377\000S\000o\000l\000u\000c\000i\000\363\000n\000\040\000d\000e\000\040\000P\000r\000o\000b\000l\000e\000m\000a\000s}{}% 117
\BOOKMARK [1][-]{section.11.1}{\376\377\000P\000r\000o\000b\000l\000e\000m\000a\000:\000\040\000N\000o\000\040\000p\000u\000e\000d\000o\000\040\000i\000n\000g\000r\000e\000s\000a\000r\000\040\000a\000l\000\040\000s\000i\000s\000t\000e\000m\000a}{chapter.11}% 118
\BOOKMARK [2][-]{subsection.11.1.1}{\376\377\000C\000a\000u\000s\000a\000\040\000p\000o\000s\000i\000b\000l\000e}{section.11.1}% 119
\BOOKMARK [2][-]{subsection.11.1.2}{\376\377\000S\000o\000l\000u\000c\000i\000\363\000n}{section.11.1}% 120
\BOOKMARK [1][-]{section.11.2}{\376\377\000P\000r\000o\000b\000l\000e\000m\000a\000:\000\040\000R\000e\000c\000i\000b\000o\000\040\000e\000r\000r\000o\000r\000\040\000`\000`\000N\000o\000\040\000t\000i\000e\000n\000e\000s\000\040\000p\000e\000r\000m\000i\000s\000o\000s\000'\000'}{chapter.11}% 121
\BOOKMARK [2][-]{subsection.11.2.1}{\376\377\000C\000a\000u\000s\000a\000\040\000p\000o\000s\000i\000b\000l\000e}{section.11.2}% 122
\BOOKMARK [2][-]{subsection.11.2.2}{\376\377\000S\000o\000l\000u\000c\000i\000\363\000n}{section.11.2}% 123
\BOOKMARK [1][-]{section.11.3}{\376\377\000P\000r\000o\000b\000l\000e\000m\000a\000:\000\040\000N\000o\000\040\000v\000e\000o\000\040\000l\000o\000s\000\040\000d\000a\000t\000o\000s\000\040\000q\000u\000e\000\040\000d\000e\000b\000e\000r\000\355\000a}{chapter.11}% 124
\BOOKMARK [2][-]{subsection.11.3.1}{\376\377\000C\000a\000u\000s\000a\000\040\000p\000o\000s\000i\000b\000l\000e}{section.11.3}% 125
\BOOKMARK [2][-]{subsection.11.3.2}{\376\377\000S\000o\000l\000u\000c\000i\000\363\000n}{section.11.3}% 126
\BOOKMARK [1][-]{section.11.4}{\376\377\000P\000r\000o\000b\000l\000e\000m\000a\000:\000\040\000E\000l\000\040\000s\000i\000s\000t\000e\000m\000a\000\040\000v\000a\000\040\000l\000e\000n\000t\000o}{chapter.11}% 127
\BOOKMARK [2][-]{subsection.11.4.1}{\376\377\000C\000a\000u\000s\000a\000\040\000p\000o\000s\000i\000b\000l\000e}{section.11.4}% 128
\BOOKMARK [2][-]{subsection.11.4.2}{\376\377\000S\000o\000l\000u\000c\000i\000\363\000n}{section.11.4}% 129
\BOOKMARK [0][-]{chapter.12}{\376\377\000G\000l\000o\000s\000a\000r\000i\000o\000\040\000d\000e\000\040\000T\000\351\000r\000m\000i\000n\000o\000s}{}% 130
\BOOKMARK [0][-]{chapter.13}{\376\377\000T\000a\000b\000l\000a\000\040\000C\000o\000m\000p\000l\000e\000t\000a\000\040\000d\000e\000\040\000P\000e\000r\000m\000i\000s\000o\000s}{}% 131
\BOOKMARK [0][-]{chapter.14}{\376\377\000G\000e\000s\000t\000i\000\363\000n\000\040\000d\000e\000l\000\040\000P\000e\000r\000f\000i\000l}{}% 132
\BOOKMARK [1][-]{section.14.1}{\376\377\000I\000n\000t\000r\000o\000d\000u\000c\000c\000i\000\363\000n}{chapter.14}% 133
\BOOKMARK [1][-]{section.14.2}{\376\377\000A\000c\000c\000e\000d\000e\000r\000\040\000a\000l\000\040\000P\000e\000r\000f\000i\000l}{chapter.14}% 134
\BOOKMARK [2][-]{subsection.14.2.1}{\376\377\000P\000a\000s\000o\000s}{section.14.2}% 135
\BOOKMARK [1][-]{section.14.3}{\376\377\000V\000e\000r\000\040\000I\000n\000f\000o\000r\000m\000a\000c\000i\000\363\000n\000\040\000d\000e\000l\000\040\000P\000e\000r\000f\000i\000l}{chapter.14}% 136
\BOOKMARK [2][-]{subsection.14.3.1}{\376\377\000P\000r\000o\000c\000e\000d\000i\000m\000i\000e\000n\000t\000o}{section.14.3}% 137
\BOOKMARK [1][-]{section.14.4}{\376\377\000C\000a\000m\000b\000i\000a\000r\000\040\000C\000o\000n\000t\000r\000a\000s\000e\000\361\000a}{chapter.14}% 138
\BOOKMARK [2][-]{subsection.14.4.1}{\376\377\000R\000e\000q\000u\000i\000s\000i\000t\000o\000s\000\040\000d\000e\000\040\000C\000o\000n\000t\000r\000a\000s\000e\000\361\000a}{section.14.4}% 139
\BOOKMARK [2][-]{subsection.14.4.2}{\376\377\000P\000r\000o\000c\000e\000d\000i\000m\000i\000e\000n\000t\000o}{section.14.4}% 140
\BOOKMARK [2][-]{subsection.14.4.3}{\376\377\000S\000i\000\040\000O\000l\000v\000i\000d\000a\000s\000\040\000t\000u\000\040\000C\000o\000n\000t\000r\000a\000s\000e\000\361\000a}{section.14.4}% 141
\BOOKMARK [1][-]{section.14.5}{\376\377\000E\000l\000i\000m\000i\000n\000a\000r\000\040\000C\000u\000e\000n\000t\000a}{chapter.14}% 142
\BOOKMARK [2][-]{subsection.14.5.1}{\376\377\000A\000d\000v\000e\000r\000t\000e\000n\000c\000i\000a}{section.14.5}% 143
\BOOKMARK [2][-]{subsection.14.5.2}{\376\377\000P\000r\000o\000c\000e\000d\000i\000m\000i\000e\000n\000t\000o}{section.14.5}% 144
\BOOKMARK [0][-]{chapter.15}{\376\377\000G\000e\000s\000t\000i\000\363\000n\000\040\000d\000e\000\040\000S\000o\000l\000i\000c\000i\000t\000u\000d\000e\000s}{}% 145
\BOOKMARK [1][-]{section.15.1}{\376\377\000I\000n\000t\000r\000o\000d\000u\000c\000c\000i\000\363\000n}{chapter.15}% 146
\BOOKMARK [1][-]{section.15.2}{\376\377\000A\000c\000c\000e\000d\000e\000r\000\040\000a\000\040\000S\000o\000l\000i\000c\000i\000t\000u\000d\000e\000s}{chapter.15}% 147
\BOOKMARK [1][-]{section.15.3}{\376\377\000S\000e\000i\000s\000\040\000C\000o\000n\000s\000u\000l\000t\000a\000s\000\040\000E\000s\000p\000e\000c\000i\000a\000l\000i\000z\000a\000d\000a\000s}{chapter.15}% 148
\BOOKMARK [2][-]{subsection.15.3.1}{\376\377\000S\000o\000l\000i\000c\000i\000t\000u\000d\000\040\0001\000:\000\040\000A\000r\000t\000i\000s\000t\000a\000s\000\040\000p\000o\000r\000\040\000A\000g\000e\000n\000c\000i\000a}{section.15.3}% 149
\BOOKMARK [2][-]{subsection.15.3.2}{\376\377\000S\000o\000l\000i\000c\000i\000t\000u\000d\000\040\0002\000:\000\040\000A\000p\000r\000e\000n\000d\000i\000c\000e\000s\000\040\000p\000o\000r\000\040\000E\000s\000t\000a\000d\000o\000\040\000d\000e\000\040\000E\000v\000a\000l\000u\000a\000c\000i\000\363\000n}{section.15.3}% 150
\BOOKMARK [2][-]{subsection.15.3.3}{\376\377\000S\000o\000l\000i\000c\000i\000t\000u\000d\000\040\0003\000:\000\040\000I\000n\000g\000r\000e\000s\000o\000s\000\040\000p\000o\000r\000\040\000P\000e\000r\000\355\000o\000d\000o}{section.15.3}% 151
\BOOKMARK [2][-]{subsection.15.3.4}{\376\377\000S\000o\000l\000i\000c\000i\000t\000u\000d\000\040\0004\000:\000\040\000C\000o\000n\000t\000r\000a\000t\000o\000s\000\040\000V\000i\000g\000e\000n\000t\000e\000s}{section.15.3}% 152
\BOOKMARK [2][-]{subsection.15.3.5}{\376\377\000S\000o\000l\000i\000c\000i\000t\000u\000d\000\040\0005\000:\000\040\000A\000c\000t\000i\000v\000i\000d\000a\000d\000e\000s\000\040\000P\000r\000\363\000x\000i\000m\000a\000s}{section.15.3}% 153
\BOOKMARK [2][-]{subsection.15.3.6}{\376\377\000S\000o\000l\000i\000c\000i\000t\000u\000d\000\040\0006\000:\000\040\000P\000r\000e\000m\000i\000o\000s\000\040\000G\000a\000n\000a\000d\000o\000s}{section.15.3}% 154
