\BOOKMARK [1][-]{section.1}{\376\377\000I\000n\000t\000r\000o\000d\000u\000c\000c\000i\000\363\000n}{}% 1
\BOOKMARK [1][-]{section.2}{\376\377\000R\000e\000q\000u\000i\000s\000i\000t\000o\000s\000\040\000P\000r\000e\000v\000i\000o\000s}{}% 2
\BOOKMARK [1][-]{section.3}{\376\377\000R\000e\000q\000u\000e\000r\000i\000m\000i\000e\000n\000t\000o\000s\000\040\000T\000\351\000c\000n\000i\000c\000o\000s}{}% 3
\BOOKMARK [2][-]{subsection.3.1}{\376\377\000R\000e\000q\000u\000e\000r\000i\000m\000i\000e\000n\000t\000o\000s\000\040\000d\000e\000\040\000M\000\341\000q\000u\000i\000n\000a\000\040\000\050\000C\000l\000i\000e\000n\000t\000e\000\051}{section.3}% 4
\BOOKMARK [2][-]{subsection.3.2}{\376\377\000R\000e\000q\000u\000e\000r\000i\000m\000i\000e\000n\000t\000o\000s\000\040\000d\000e\000\040\000R\000e\000d}{section.3}% 5
\BOOKMARK [1][-]{section.4}{\376\377\000R\000e\000q\000u\000e\000r\000i\000m\000i\000e\000n\000t\000o\000s\000\040\000d\000e\000\040\000S\000o\000f\000t\000w\000a\000r\000e}{}% 6
\BOOKMARK [2][-]{subsection.4.1}{\376\377\000S\000o\000f\000t\000w\000a\000r\000e\000\040\000R\000e\000q\000u\000e\000r\000i\000d\000o\000\040\000e\000n\000\040\000S\000e\000r\000v\000i\000d\000o\000r}{section.4}% 7
\BOOKMARK [1][-]{section.5}{\376\377\000P\000r\000o\000c\000e\000d\000i\000m\000i\000e\000n\000t\000o\000\040\000d\000e\000\040\000I\000n\000s\000t\000a\000l\000a\000c\000i\000\363\000n}{}% 8
\BOOKMARK [2][-]{subsection.5.1}{\376\377\000I\000n\000s\000t\000a\000l\000a\000c\000i\000\363\000n\000\040\000e\000n\000\040\000S\000e\000r\000v\000i\000d\000o\000r}{section.5}% 9
\BOOKMARK [3][-]{subsubsection.5.1.1}{\376\377\000P\000a\000s\000o\000\040\0001\000:\000\040\000C\000l\000o\000n\000a\000r\000\040\000e\000l\000\040\000R\000e\000p\000o\000s\000i\000t\000o\000r\000i\000o}{subsection.5.1}% 10
\BOOKMARK [3][-]{subsubsection.5.1.2}{\376\377\000P\000a\000s\000o\000\040\0002\000:\000\040\000I\000n\000s\000t\000a\000l\000a\000r\000\040\000D\000e\000p\000e\000n\000d\000e\000n\000c\000i\000a\000s\000\040\000B\000a\000c\000k\000e\000n\000d}{subsection.5.1}% 11
\BOOKMARK [3][-]{subsubsection.5.1.3}{\376\377\000P\000a\000s\000o\000\040\0003\000:\000\040\000C\000o\000n\000f\000i\000g\000u\000r\000a\000r\000\040\000V\000a\000r\000i\000a\000b\000l\000e\000s\000\040\000d\000e\000\040\000E\000n\000t\000o\000r\000n\000o}{subsection.5.1}% 12
\BOOKMARK [3][-]{subsubsection.5.1.4}{\376\377\000P\000a\000s\000o\000\040\0004\000:\000\040\000C\000o\000n\000f\000i\000g\000u\000r\000a\000r\000\040\000B\000a\000s\000e\000\040\000d\000e\000\040\000D\000a\000t\000o\000s}{subsection.5.1}% 13
\BOOKMARK [3][-]{subsubsection.5.1.5}{\376\377\000P\000a\000s\000o\000\040\0005\000:\000\040\000I\000n\000s\000t\000a\000l\000a\000r\000\040\000D\000e\000p\000e\000n\000d\000e\000n\000c\000i\000a\000s\000\040\000F\000r\000o\000n\000t\000e\000n\000d}{subsection.5.1}% 14
\BOOKMARK [3][-]{subsubsection.5.1.6}{\376\377\000P\000a\000s\000o\000\040\0006\000:\000\040\000I\000n\000i\000c\000i\000a\000r\000\040\000l\000a\000\040\000A\000p\000l\000i\000c\000a\000c\000i\000\363\000n}{subsection.5.1}% 15
\BOOKMARK [2][-]{subsection.5.2}{\376\377\000V\000e\000r\000i\000f\000i\000c\000a\000c\000i\000\363\000n\000\040\000d\000e\000\040\000I\000n\000s\000t\000a\000l\000a\000c\000i\000\363\000n}{section.5}% 16
\BOOKMARK [1][-]{section.6}{\376\377\000A\000c\000c\000e\000s\000o\000\040\000a\000l\000\040\000S\000i\000s\000t\000e\000m\000a}{}% 17
\BOOKMARK [2][-]{subsection.6.1}{\376\377\000I\000n\000i\000c\000i\000o\000\040\000d\000e\000\040\000S\000e\000s\000i\000\363\000n}{section.6}% 18
\BOOKMARK [2][-]{subsection.6.2}{\376\377\000P\000a\000n\000t\000a\000l\000l\000a\000\040\000d\000e\000\040\000I\000n\000i\000c\000i\000o\000\040\000d\000e\000l\000\040\000S\000i\000s\000t\000e\000m\000a}{section.6}% 19
\BOOKMARK [1][-]{section.7}{\376\377\000R\000o\000l\000e\000s\000\040\000d\000e\000\040\000U\000s\000u\000a\000r\000i\000o}{}% 20
\BOOKMARK [2][-]{subsection.7.1}{\376\377\000A\000d\000m\000i\000n\000i\000s\000t\000r\000a\000d\000o\000r}{section.7}% 21
\BOOKMARK [2][-]{subsection.7.2}{\376\377\000D\000i\000r\000e\000c\000t\000o\000r}{section.7}% 22
\BOOKMARK [2][-]{subsection.7.3}{\376\377\000M\000a\000n\000a\000g\000e\000r}{section.7}% 23
\BOOKMARK [2][-]{subsection.7.4}{\376\377\000A\000r\000t\000i\000s\000t\000a}{section.7}% 24
\BOOKMARK [2][-]{subsection.7.5}{\376\377\000A\000p\000r\000e\000n\000d\000i\000z}{section.7}% 25
\BOOKMARK [1][-]{section.8}{\376\377\000N\000a\000v\000e\000g\000a\000c\000i\000\363\000n\000\040\000G\000e\000n\000e\000r\000a\000l\000\040\000d\000e\000l\000\040\000S\000i\000s\000t\000e\000m\000a}{}% 26
\BOOKMARK [2][-]{subsection.8.1}{\376\377\000E\000l\000e\000m\000e\000n\000t\000o\000s\000\040\000d\000e\000\040\000l\000a\000\040\000I\000n\000t\000e\000r\000f\000a\000z}{section.8}% 27
\BOOKMARK [1][-]{section.9}{\376\377\000G\000e\000s\000t\000i\000\363\000n\000\040\000d\000e\000\040\000A\000g\000e\000n\000c\000i\000a\000s}{}% 28
\BOOKMARK [2][-]{subsection.9.1}{\376\377\000R\000e\000g\000i\000s\000t\000r\000o\000\040\000d\000e\000\040\000u\000n\000a\000\040\000A\000g\000e\000n\000c\000i\000a}{section.9}% 29
\BOOKMARK [2][-]{subsection.9.2}{\376\377\000C\000o\000n\000s\000u\000l\000t\000a\000\040\000y\000\040\000E\000d\000i\000c\000i\000\363\000n\000\040\000d\000e\000\040\000A\000g\000e\000n\000c\000i\000a\000s}{section.9}% 30
\BOOKMARK [1][-]{section.10}{\376\377\000G\000e\000s\000t\000i\000\363\000n\000\040\000d\000e\000\040\000A\000p\000r\000e\000n\000d\000i\000c\000e\000s}{}% 31
\BOOKMARK [2][-]{subsection.10.1}{\376\377\000R\000e\000g\000i\000s\000t\000r\000o\000\040\000d\000e\000\040\000u\000n\000\040\000A\000p\000r\000e\000n\000d\000i\000z}{section.10}% 32
\BOOKMARK [2][-]{subsection.10.2}{\376\377\000E\000v\000a\000l\000u\000a\000c\000i\000\363\000n\000\040\000d\000e\000\040\000A\000p\000r\000e\000n\000d\000i\000c\000e\000s}{section.10}% 33
\BOOKMARK [2][-]{subsection.10.3}{\376\377\000C\000o\000n\000v\000e\000r\000s\000i\000\363\000n\000\040\000d\000e\000\040\000A\000p\000r\000e\000n\000d\000i\000z\000\040\000a\000\040\000A\000r\000t\000i\000s\000t\000a}{section.10}% 34
\BOOKMARK [1][-]{section.11}{\376\377\000G\000e\000s\000t\000i\000\363\000n\000\040\000d\000e\000\040\000G\000r\000u\000p\000o\000s}{}% 35
\BOOKMARK [2][-]{subsection.11.1}{\376\377\000C\000r\000e\000a\000c\000i\000\363\000n\000\040\000d\000e\000\040\000u\000n\000\040\000G\000r\000u\000p\000o}{section.11}% 36
\BOOKMARK [2][-]{subsection.11.2}{\376\377\000C\000o\000n\000s\000u\000l\000t\000a\000\040\000d\000e\000\040\000G\000r\000u\000p\000o\000s}{section.11}% 37
\BOOKMARK [2][-]{subsection.11.3}{\376\377\000A\000s\000o\000c\000i\000a\000c\000i\000\363\000n\000\040\000d\000e\000\040\000C\000o\000n\000c\000e\000p\000t\000o}{section.11}% 38
\BOOKMARK [2][-]{subsection.11.4}{\376\377\000D\000e\000f\000i\000n\000i\000c\000i\000\363\000n\000\040\000d\000e\000l\000\040\000C\000o\000n\000c\000e\000p\000t\000o\000\040\000V\000i\000s\000u\000a\000l}{section.11}% 39
\BOOKMARK [2][-]{subsection.11.5}{\376\377\000A\000r\000t\000i\000s\000t\000a\000s\000\040\000s\000i\000n\000\040\000G\000r\000u\000p\000o\000\050\000S\000o\000l\000i\000s\000t\000a\000\051}{section.11}% 40
\BOOKMARK [1][-]{section.12}{\376\377\000G\000e\000s\000t\000i\000\363\000n\000\040\000d\000e\000\040\000A\000c\000t\000i\000v\000i\000d\000a\000d\000e\000s\000\040\000e\000\040\000I\000n\000g\000r\000e\000s\000o\000s}{}% 41
\BOOKMARK [2][-]{subsection.12.1}{\376\377\000R\000e\000g\000i\000s\000t\000r\000o\000\040\000d\000e\000\040\000u\000n\000a\000\040\000A\000c\000t\000i\000v\000i\000d\000a\000d\000\040\000e\000\040\000I\000n\000g\000r\000e\000s\000o}{section.12}% 42
\BOOKMARK [2][-]{subsection.12.2}{\376\377\000P\000a\000r\000t\000i\000c\000i\000p\000a\000c\000i\000\363\000n\000\040\000I\000n\000d\000i\000v\000i\000d\000u\000a\000l\000\040\000d\000e\000\040\000A\000r\000t\000i\000s\000t\000a\000s}{section.12}% 43
\BOOKMARK [2][-]{subsection.12.3}{\376\377\000R\000e\000g\000i\000s\000t\000r\000o\000\040\000d\000e\000\040\000I\000n\000g\000r\000e\000s\000o\000s}{section.12}% 44
\BOOKMARK [2][-]{subsection.12.4}{\376\377\000C\000o\000n\000s\000u\000l\000t\000a\000\040\000d\000e\000\040\000A\000c\000t\000i\000v\000i\000d\000a\000d\000e\000s\000\040\000e\000\040\000I\000n\000g\000r\000e\000s\000o\000s}{section.12}% 45
\BOOKMARK [1][-]{section.13}{\376\377\000G\000e\000s\000t\000i\000\363\000n\000\040\000M\000u\000s\000i\000c\000a\000l}{}% 46
\BOOKMARK [2][-]{subsection.13.1}{\376\377\000G\000e\000s\000t\000i\000\363\000n\000\040\000d\000e\000\040\000\301\000l\000b\000u\000m\000e\000s}{section.13}% 47
\BOOKMARK [2][-]{subsection.13.2}{\376\377\000R\000e\000g\000i\000s\000t\000r\000o\000\040\000d\000e\000\040\000u\000n\000\040\000\301\000l\000b\000u\000m}{section.13}% 48
\BOOKMARK [2][-]{subsection.13.3}{\376\377\000G\000e\000s\000t\000i\000\363\000n\000\040\000d\000e\000\040\000C\000a\000n\000c\000i\000o\000n\000e\000s}{section.13}% 49
\BOOKMARK [2][-]{subsection.13.4}{\376\377\000R\000e\000g\000i\000s\000t\000r\000o\000\040\000d\000e\000\040\000u\000n\000a\000\040\000C\000a\000n\000c\000i\000\363\000n}{section.13}% 50
\BOOKMARK [2][-]{subsection.13.5}{\376\377\000P\000r\000e\000m\000i\000o\000s}{section.13}% 51
\BOOKMARK [2][-]{subsection.13.6}{\376\377\000L\000i\000s\000t\000a\000s\000\040\000d\000e\000\040\000P\000o\000p\000u\000l\000a\000r\000i\000d\000a\000d}{section.13}% 52
\BOOKMARK [2][-]{subsection.13.7}{\376\377\000G\000e\000s\000t\000i\000\363\000n\000\040\000d\000e\000\040\000L\000i\000s\000t\000a\000s}{section.13}% 53
\BOOKMARK [2][-]{subsection.13.8}{\376\377\000C\000o\000n\000s\000u\000l\000t\000a\000\040\000d\000e\000\040\000P\000r\000o\000d\000u\000c\000c\000i\000\363\000n\000\040\000M\000u\000s\000i\000c\000a\000l}{section.13}% 54
\BOOKMARK [1][-]{section.14}{\376\377\000G\000e\000s\000t\000i\000\363\000n\000\040\000d\000e\000\040\000C\000o\000n\000t\000r\000a\000t\000o\000s}{}% 55
\BOOKMARK [2][-]{subsection.14.1}{\376\377\000R\000e\000g\000i\000s\000t\000r\000o\000\040\000d\000e\000\040\000C\000o\000n\000t\000r\000a\000t\000o\000s\000\040\000c\000o\000n\000\040\000A\000r\000t\000i\000s\000t\000a\000s\000\040\000y\000\040\000c\000o\000n\000\040\000G\000r\000u\000p\000o\000s}{section.14}% 56
\BOOKMARK [2][-]{subsection.14.2}{\376\377\000C\000o\000n\000s\000u\000l\000t\000a\000\040\000d\000e\000\040\000C\000o\000n\000t\000r\000a\000t\000o\000s}{section.14}% 57
\BOOKMARK [1][-]{section.15}{\376\377\000G\000e\000s\000t\000i\000\363\000n\000\040\000d\000e\000\040\000T\000a\000l\000e\000n\000t\000o}{}% 58
\BOOKMARK [2][-]{subsection.15.1}{\376\377\000C\000a\000p\000t\000a\000c\000i\000\363\000n\000\040\000d\000e\000\040\000A\000p\000r\000e\000n\000d\000i\000c\000e\000s}{section.15}% 59
\BOOKMARK [2][-]{subsection.15.2}{\376\377\000C\000a\000p\000t\000a\000c\000i\000\363\000n\000\040\000d\000e\000\040\000A\000r\000t\000i\000s\000t\000a\000s}{section.15}% 60
\BOOKMARK [2][-]{subsection.15.3}{\376\377\000C\000a\000p\000t\000a\000c\000i\000\363\000n\000\040\000d\000e\000\040\000G\000r\000u\000p\000o\000s}{section.15}% 61
\BOOKMARK [1][-]{section.16}{\376\377\000G\000e\000s\000t\000i\000\363\000n\000\040\000d\000e\000\040\000S\000o\000l\000i\000c\000i\000t\000u\000d\000e\000s}{}% 62
\BOOKMARK [2][-]{subsection.16.1}{\376\377\000C\000r\000e\000a\000c\000i\000\363\000n\000\040\000d\000e\000\040\000S\000o\000l\000i\000c\000i\000t\000u\000d\000e\000s}{section.16}% 63
\BOOKMARK [2][-]{subsection.16.2}{\376\377\000E\000s\000t\000a\000d\000o\000s\000\040\000d\000e\000\040\000l\000a\000s\000\040\000S\000o\000l\000i\000c\000i\000t\000u\000d\000e\000s}{section.16}% 64
\BOOKMARK [2][-]{subsection.16.3}{\376\377\000G\000e\000s\000t\000i\000\363\000n\000\040\000d\000e\000\040\000S\000o\000l\000i\000c\000i\000t\000u\000d\000e\000s\000\040\000p\000o\000r\000\040\000l\000a\000\040\000A\000g\000e\000n\000c\000i\000a}{section.16}% 65
\BOOKMARK [2][-]{subsection.16.4}{\376\377\000C\000o\000n\000s\000u\000l\000t\000a\000\040\000d\000e\000\040\000S\000o\000l\000i\000c\000i\000t\000u\000d\000e\000s\000\040\000p\000o\000r\000\040\000e\000l\000\040\000U\000s\000u\000a\000r\000i\000o}{section.16}% 66
\BOOKMARK [2][-]{subsection.16.5}{\376\377\000C\000o\000n\000s\000u\000l\000t\000a\000s\000\040\000E\000s\000p\000e\000c\000i\000a\000l\000i\000z\000a\000d\000a\000s}{section.16}% 67
\BOOKMARK [2][-]{subsection.16.6}{\376\377\000O\000p\000c\000i\000o\000n\000e\000s\000\040\000d\000e\000\040\000C\000o\000n\000s\000u\000l\000t\000a}{section.16}% 68
\BOOKMARK [2][-]{subsection.16.7}{\376\377\000A\000c\000c\000e\000s\000o\000\040\000a\000\040\000l\000a\000s\000\040\000C\000o\000n\000s\000u\000l\000t\000a\000s}{section.16}% 69
\BOOKMARK [3][-]{subsubsection.16.7.1}{\376\377\000V\000i\000s\000u\000a\000l\000i\000z\000a\000c\000i\000\363\000n\000\040\000d\000e\000\040\000R\000e\000s\000u\000l\000t\000a\000d\000o\000s}{subsection.16.7}% 70
\BOOKMARK [2][-]{subsection.16.8}{\376\377\000G\000e\000s\000t\000i\000\363\000n\000\040\000d\000e\000l\000\040\000P\000e\000r\000f\000i\000l\000\040\000d\000e\000\040\000U\000s\000u\000a\000r\000i\000o}{section.16}% 71
\BOOKMARK [2][-]{subsection.16.9}{\376\377\000A\000c\000c\000e\000s\000o\000\040\000a\000l\000\040\000P\000e\000r\000f\000i\000l}{section.16}% 72
\BOOKMARK [3][-]{subsubsection.16.9.1}{\376\377\000C\000a\000m\000b\000i\000o\000\040\000d\000e\000\040\000C\000o\000n\000t\000r\000a\000s\000e\000\361\000a}{subsection.16.9}% 73
\BOOKMARK [3][-]{subsubsection.16.9.2}{\376\377\000E\000l\000i\000m\000i\000n\000a\000c\000i\000\363\000n\000\040\000d\000e\000\040\000C\000u\000e\000n\000t\000a}{subsection.16.9}% 74
\BOOKMARK [3][-]{subsubsection.16.9.3}{\376\377\000C\000i\000e\000r\000r\000e\000\040\000d\000e\000\040\000S\000e\000s\000i\000\363\000n}{subsection.16.9}% 75
\BOOKMARK [1][-]{section.17}{\376\377\000S\000a\000l\000i\000d\000a\000s\000\040\000y\000\040\000R\000e\000p\000o\000r\000t\000e\000s\000\040\000d\000e\000l\000\040\000S\000i\000s\000t\000e\000m\000a}{}% 76
\BOOKMARK [2][-]{subsection.17.1}{\376\377\000T\000a\000b\000l\000a\000s\000\040\000d\000e\000\040\000D\000a\000t\000o\000s}{section.17}% 77
\BOOKMARK [3][-]{subsubsection.17.1.1}{\376\377\000C\000a\000r\000a\000c\000t\000e\000r\000\355\000s\000t\000i\000c\000a\000s\000\040\000d\000e\000\040\000l\000a\000s\000\040\000T\000a\000b\000l\000a\000s}{subsection.17.1}% 78
\BOOKMARK [3][-]{subsubsection.17.1.2}{\376\377\000T\000a\000b\000l\000a\000s\000\040\000P\000r\000i\000n\000c\000i\000p\000a\000l\000e\000s\000\040\000d\000e\000l\000\040\000S\000i\000s\000t\000e\000m\000a}{subsection.17.1}% 79
\BOOKMARK [2][-]{subsection.17.2}{\376\377\000G\000r\000\341\000f\000i\000c\000o\000s\000\040\000y\000\040\000V\000i\000s\000u\000a\000l\000i\000z\000a\000c\000i\000o\000n\000e\000s}{section.17}% 80
\BOOKMARK [3][-]{subsubsection.17.2.1}{\376\377\000T\000i\000p\000o\000s\000\040\000d\000e\000\040\000G\000r\000\341\000f\000i\000c\000o\000s\000\040\000D\000i\000s\000p\000o\000n\000i\000b\000l\000e\000s}{subsection.17.2}% 81
\BOOKMARK [2][-]{subsection.17.3}{\376\377\000C\000\341\000l\000c\000u\000l\000o\000s\000\040\000E\000s\000t\000a\000d\000\355\000s\000t\000i\000c\000o\000s\000\040\000y\000\040\000A\000n\000\341\000l\000i\000s\000i\000s}{section.17}% 82
\BOOKMARK [3][-]{subsubsection.17.3.1}{\376\377\000I\000n\000g\000r\000e\000s\000o\000s\000\040\000p\000o\000r\000\040\000A\000r\000t\000i\000s\000t\000a}{subsection.17.3}% 83
\BOOKMARK [3][-]{subsubsection.17.3.2}{\376\377\000A\000n\000\341\000l\000i\000s\000i\000s\000\040\000d\000e\000\040\000P\000o\000p\000u\000l\000a\000r\000i\000d\000a\000d}{subsection.17.3}% 84
\BOOKMARK [2][-]{subsection.17.4}{\376\377\000C\000o\000n\000s\000u\000l\000t\000a\000s\000\040\000E\000s\000p\000e\000c\000i\000a\000l\000i\000z\000a\000d\000a\000s}{section.17}% 85
\BOOKMARK [3][-]{subsubsection.17.4.1}{\376\377\000C\000o\000n\000s\000u\000l\000t\000a\000\040\0001\000:\000\040\000A\000r\000t\000i\000s\000t\000a\000s\000\040\000A\000c\000t\000i\000v\000o\000s\000\040\000p\000o\000r\000\040\000A\000g\000e\000n\000c\000i\000a}{subsection.17.4}% 86
\BOOKMARK [3][-]{subsubsection.17.4.2}{\376\377\000C\000o\000n\000s\000u\000l\000t\000a\000\040\0002\000:\000\040\000A\000c\000t\000i\000v\000i\000d\000a\000d\000e\000s\000\040\000p\000o\000r\000\040\000G\000r\000u\000p\000o}{subsection.17.4}% 87
\BOOKMARK [3][-]{subsubsection.17.4.3}{\376\377\000C\000o\000n\000s\000u\000l\000t\000a\000\040\0003\000:\000\040\000A\000r\000t\000i\000s\000t\000a\000s\000\040\000c\000o\000n\000\040\000D\000e\000b\000u\000t\000\040\000y\000\040\000C\000o\000n\000t\000r\000a\000t\000o\000\040\000A\000c\000t\000i\000v\000o}{subsection.17.4}% 88
\BOOKMARK [3][-]{subsubsection.17.4.4}{\376\377\000C\000o\000n\000s\000u\000l\000t\000a\000\040\0004\000:\000\040\000I\000n\000g\000r\000e\000s\000o\000s\000\040\000p\000o\000r\000\040\000A\000r\000t\000i\000s\000t\000a\000\040\000e\000n\000\040\000P\000e\000r\000\355\000o\000d\000o}{subsection.17.4}% 89
\BOOKMARK [3][-]{subsubsection.17.4.5}{\376\377\000C\000o\000n\000s\000u\000l\000t\000a\000\040\0005\000:\000\040\000C\000a\000m\000b\000i\000o\000s\000\040\000d\000e\000\040\000A\000g\000e\000n\000c\000i\000a\000\040\000y\000\040\000G\000r\000u\000p\000o\000s}{subsection.17.4}% 90
\BOOKMARK [3][-]{subsubsection.17.4.6}{\376\377\000C\000o\000n\000s\000u\000l\000t\000a\000\040\0006\000:\000\040\000S\000o\000l\000i\000s\000t\000a\000s\000\040\000d\000e\000\040\000G\000r\000u\000p\000o\000s\000\040\000D\000i\000s\000u\000e\000l\000t\000o\000s\000\040\000c\000o\000n\000\040\000\301\000l\000b\000u\000m\000\040\000E\000x\000i\000t\000o\000s\000o}{subsection.17.4}% 91
\BOOKMARK [2][-]{subsection.17.5}{\376\377\000E\000x\000p\000o\000r\000t\000a\000c\000i\000\363\000n\000\040\000d\000e\000\040\000D\000a\000t\000o\000s\000\040\000a\000\040\000P\000D\000F}{section.17}% 92
\BOOKMARK [3][-]{subsubsection.17.5.1}{\376\377\000C\000a\000r\000a\000c\000t\000e\000r\000\355\000s\000t\000i\000c\000a\000s\000\040\000d\000e\000\040\000E\000x\000p\000o\000r\000t\000a\000c\000i\000\363\000n}{subsection.17.5}% 93
\BOOKMARK [3][-]{subsubsection.17.5.2}{\376\377\000C\000\363\000m\000o\000\040\000E\000x\000p\000o\000r\000t\000a\000r}{subsection.17.5}% 94
\BOOKMARK [2][-]{subsection.17.6}{\376\377\000E\000j\000e\000m\000p\000l\000o\000s\000\040\000P\000r\000\341\000c\000t\000i\000c\000o\000s\000\040\000d\000e\000\040\000S\000a\000l\000i\000d\000a\000s}{section.17}% 95
\BOOKMARK [3][-]{subsubsection.17.6.1}{\376\377\000E\000j\000e\000m\000p\000l\000o\000\040\0001\000:\000\040\000R\000e\000p\000o\000r\000t\000e\000\040\000d\000e\000\040\000I\000n\000g\000r\000e\000s\000o\000s\000\040\000M\000e\000n\000s\000u\000a\000l\000e\000s}{subsection.17.6}% 96
\BOOKMARK [3][-]{subsubsection.17.6.2}{\376\377\000E\000j\000e\000m\000p\000l\000o\000\040\0002\000:\000\040\000A\000n\000\341\000l\000i\000s\000i\000s\000\040\000d\000e\000\040\000P\000o\000p\000u\000l\000a\000r\000i\000d\000a\000d\000\040\000d\000e\000\040\000C\000a\000n\000c\000i\000\363\000n}{subsection.17.6}% 97
\BOOKMARK [3][-]{subsubsection.17.6.3}{\376\377\000E\000j\000e\000m\000p\000l\000o\000\040\0003\000:\000\040\000E\000v\000a\000l\000u\000a\000c\000i\000\363\000n\000\040\000d\000e\000\040\000P\000r\000o\000d\000u\000c\000t\000i\000v\000i\000d\000a\000d\000\040\000d\000e\000\040\000G\000r\000u\000p\000o}{subsection.17.6}% 98
\BOOKMARK [1][-]{section.18}{\376\377\000C\000o\000n\000s\000i\000d\000e\000r\000a\000c\000i\000o\000n\000e\000s\000\040\000F\000i\000n\000a\000l\000e\000s}{}% 99
